###############################################################################
#
# IAR ELF Linker V8.22.2.15995/W32 for ARM                13/Mar/2020  17:19:22
# Copyright 2007-2018 IAR Systems AB.
#
#    Output file  =  
#        C:\Users\asus\Desktop\Universidade\2020_1\Sistemas
#        Embarcados\Laboratórios\Lab
#        01\EK-TM4C1294_IAR8\EK-TM4C1294_IAR8\Projects\projeto_teste\Debug\Exe\projeto_teste.out
#    Map file     =  
#        C:\Users\asus\Desktop\Universidade\2020_1\Sistemas
#        Embarcados\Laboratórios\Lab
#        01\EK-TM4C1294_IAR8\EK-TM4C1294_IAR8\Projects\projeto_teste\Debug\List\projeto_teste.map
#    Command line =  
#        -f C:\Users\asus\AppData\Local\Temp\EW1BC7.tmp
#        ("C:\Users\asus\Desktop\Universidade\2020_1\Sistemas
#        Embarcados\Laboratórios\Lab
#        01\EK-TM4C1294_IAR8\EK-TM4C1294_IAR8\TivaWare_C_Series-2.1.4.178\driverlib\Debug\Exe\driverlib.a"
#        "C:\Users\asus\Desktop\Universidade\2020_1\Sistemas
#        Embarcados\Laboratórios\Lab
#        01\EK-TM4C1294_IAR8\EK-TM4C1294_IAR8\Projects\projeto_teste\Debug\Obj\projeto_teste.o"
#        "C:\Users\asus\Desktop\Universidade\2020_1\Sistemas
#        Embarcados\Laboratórios\Lab
#        01\EK-TM4C1294_IAR8\EK-TM4C1294_IAR8\Projects\projeto_teste\Debug\Obj\startup_TM4C1294.o"
#        "C:\Users\asus\Desktop\Universidade\2020_1\Sistemas
#        Embarcados\Laboratórios\Lab
#        01\EK-TM4C1294_IAR8\EK-TM4C1294_IAR8\Projects\projeto_teste\Debug\Obj\system_TM4C1294_TW.o"
#        -o "C:\Users\asus\Desktop\Universidade\2020_1\Sistemas
#        Embarcados\Laboratórios\Lab
#        01\EK-TM4C1294_IAR8\EK-TM4C1294_IAR8\Projects\projeto_teste\Debug\Exe\projeto_teste.out"
#        --map "C:\Users\asus\Desktop\Universidade\2020_1\Sistemas
#        Embarcados\Laboratórios\Lab
#        01\EK-TM4C1294_IAR8\EK-TM4C1294_IAR8\Projects\projeto_teste\Debug\List\projeto_teste.map"
#        --config "C:\Program Files (x86)\IAR Systems\Embedded Workbench
#        8.0\arm\config\linker\TexasInstruments\TM4C1294NC.icf" --semihosting
#        --entry __iar_program_start --vfe --text_out locale)
#
###############################################################################

*******************************************************************************
*** RUNTIME MODEL ATTRIBUTES
***

CppFlavor       = *
__SystemLibrary = DLib
__dlib_version  = 6


*******************************************************************************
*** HEAP SELECTION
***

The basic heap was selected because some modules are built with
size limitations (and not runtime checking), and --advanced_heap
was not specified.


*******************************************************************************
*** PLACEMENT SUMMARY
***

"A0":  place at 0x00000000 { ro section .intvec };
"P1":  place in [from 0x00000000 to 0x000fffff] { ro };
define block CSTACK with size = 32K, alignment = 8 { };
define block HEAP with size = 64K, alignment = 8 { };
"P2":  place in [from 0x20000000 to 0x2003ffff] {
          rw, block CSTACK, block HEAP };

  Section          Kind        Address    Size  Object
  -------          ----        -------    ----  ------
"A0":                                    0x3c0
  .intvec          ro code  0x00000000   0x3c0  startup_TM4C1294.o [1]
                          - 0x000003c0   0x3c0

"P1":                                    0x8bc
  .text            ro code  0x000003c0   0x4e8  sysctl.o [4]
  .text            ro code  0x000008a8   0x188  gpio.o [4]
  .text            ro code  0x00000a30   0x114  projeto_teste.o [1]
  .text            ro code  0x00000b44    0x28  systick.o [4]
  .text            ro code  0x00000b6c    0x40  zero_init3.o [5]
  .text            ro code  0x00000bac    0x30  system_TM4C1294_TW.o [1]
  .text            ro code  0x00000bdc    0x28  data_init.o [5]
  .iar.init_table  const    0x00000c04    0x10  - Linker created -
  .text            ro code  0x00000c14    0x1e  cmain.o [5]
  .text            ro code  0x00000c32     0x4  low_level_init.o [3]
  .text            ro code  0x00000c36     0x4  exit.o [3]
  .text            ro code  0x00000c3a     0x2  startup_TM4C1294.o [1]
  .text            ro code  0x00000c3c     0xa  cexit.o [5]
  .text            ro code  0x00000c48    0x14  exit.o [6]
  .text            ro code  0x00000c5c    0x14  startup_TM4C1294.o [1]
  .text            ro code  0x00000c70     0xc  cstartup_M.o [5]
  .rodata          const    0x00000c7c     0x0  zero_init3.o [5]
                          - 0x00000c7c   0x8bc

"P2", part 1 of 2:                         0x4
  .bss             zero     0x20000000     0x1  projeto_teste.o [1]
                          - 0x20000001     0x1

"P2", part 2 of 2:                      0x8004
  .noinit          uninit   0x20000004     0x4  system_TM4C1294_TW.o [1]
  CSTACK                    0x20000008  0x8000  <Block>
    CSTACK         uninit   0x20000008  0x8000  <Block tail>
                          - 0x20008008  0x8004


*******************************************************************************
*** INIT TABLE
***

          Address     Size
          -------     ----
Zero (__iar_zero_init3)
    1 destination range, total size 0x1:
          0x20000000   0x1



*******************************************************************************
*** MODULE SUMMARY
***

    Module                ro code  ro data  rw data
    ------                -------  -------  -------
C:\Users\asus\Desktop\Universidade\2020_1\Sistemas Embarcados\Laboratórios\Lab 01\EK-TM4C1294_IAR8\EK-TM4C1294_IAR8\Projects\projeto_teste\Debug\Obj: [1]
    projeto_teste.o           276                 1
    startup_TM4C1294.o        982
    system_TM4C1294_TW.o       48                 4
    -----------------------------------------------
    Total:                  1 306                 5

command line: [2]
    -----------------------------------------------
    Total:

dl7M_tln.a: [3]
    exit.o                      4
    low_level_init.o            4
    -----------------------------------------------
    Total:                      8

driverlib.a: [4]
    gpio.o                    392
    sysctl.o                1 256
    systick.o                  40
    -----------------------------------------------
    Total:                  1 688

rt7M_tl.a: [5]
    cexit.o                    10
    cmain.o                    30
    cstartup_M.o               12
    data_init.o                40
    zero_init3.o               64
    -----------------------------------------------
    Total:                    156

shb_l.a: [6]
    exit.o                     20
    -----------------------------------------------
    Total:                     20

    Gaps                        2
    Linker created                      16   32 768
---------------------------------------------------
    Grand Total:            3 180       16   32 773


*******************************************************************************
*** ENTRY LIST
***

Entry                      Address   Size  Type      Object
-----                      -------   ----  ----      ------
.iar.init_table$$Base   0x00000c04          --   Gb  - Linker created -
.iar.init_table$$Limit  0x00000c14          --   Gb  - Linker created -
?main                   0x00000c15         Code  Gb  cmain.o [5]
CSTACK$$Base            0x20000008          --   Gb  - Linker created -
CSTACK$$Limit           0x20008008          --   Gb  - Linker created -
GPIODirModeSet          0x000008a9   0x28  Code  Gb  gpio.o [4]
GPIOPadConfigSet        0x000008d1  0x114  Code  Gb  gpio.o [4]
GPIOPinRead             0x000009e5    0x8  Code  Gb  gpio.o [4]
GPIOPinTypeGPIOInput    0x000009f9   0x14  Code  Gb  gpio.o [4]
GPIOPinTypeGPIOOutput   0x00000a0d    0xa  Code  Gb  gpio.o [4]
GPIOPinWrite            0x000009ed    0x8  Code  Gb  gpio.o [4]
LED_D1                  0x20000000    0x1  Data  Gb  projeto_teste.o [1]
Region$$Table$$Base     0x00000c04          --   Gb  - Linker created -
Region$$Table$$Limit    0x00000c14          --   Gb  - Linker created -
SysCtlClockFreqSet      0x00000421  0x208  Code  Gb  sysctl.o [4]
SysCtlPeripheralEnable  0x00000403    0x8  Code  Gb  sysctl.o [4]
SysCtlPeripheralReady   0x000003e1    0x8  Code  Gb  sysctl.o [4]
SysTickEnable           0x00000b45    0xc  Code  Gb  systick.o [4]
SysTickIntEnable        0x00000b51    0xc  Code  Gb  systick.o [4]
SysTickPeriodSet        0x00000b5d    0x8  Code  Gb  systick.o [4]
SysTick_Handler         0x00000a31   0x1c  Code  Gb  projeto_teste.o [1]
SystemCoreClock         0x20000004    0x4  Data  Gb  system_TM4C1294_TW.o [1]
SystemInit              0x00000bad   0x1c  Code  Gb  system_TM4C1294_TW.o [1]
_SysCtlMemTimingGet     0x000003c1   0x20  Code  Lc  sysctl.o [4]
__Vectors               0x00000000          --   Gb  startup_TM4C1294.o [1]
__Vectors_End           0x000003c0         Data  Gb  startup_TM4C1294.o [1]
__Vectors_Size {Abs}    0x000003c0          --   Gb  startup_TM4C1294.o [1]
__cmain                 0x00000c15         Code  Gb  cmain.o [5]
__exit                  0x00000c49   0x14  Code  Gb  exit.o [6]
__iar_data_init3        0x00000bdd   0x28  Code  Gb  data_init.o [5]
__iar_init_vfp          0x00000c65         Code  Wk  startup_TM4C1294.o [1]
__iar_program_start     0x00000c71         Code  Gb  cstartup_M.o [5]
__iar_systems$$module {Abs}
                        0x00000001         Data  Gb  command line/config [2]
__iar_zero_init3        0x00000b6d   0x40  Code  Gb  zero_init3.o [5]
__low_level_init        0x00000c33    0x4  Code  Gb  low_level_init.o [3]
__vector_table          0x00000000         Data  Gb  startup_TM4C1294.o [1]
__vector_table_0x1c     0x0000001c         Data  Gb  startup_TM4C1294.o [1]
_call_main              0x00000c21         Code  Gb  cmain.o [5]
_exit                   0x00000c3d         Code  Gb  cexit.o [5]
_main                   0x00000c2f         Code  Gb  cmain.o [5]
exit                    0x00000c37    0x4  Code  Gb  exit.o [3]
g_pppui32XTALtoVCO      0x000006c0  0x1b0  Data  Lc  sysctl.o [4]
g_pui32VCOFrequencies   0x000008a0    0x8  Data  Lc  sysctl.o [4]
g_pui32Xtals            0x00000654   0x6c  Data  Lc  sysctl.o [4]
g_sXTALtoMEMTIM         0x00000870   0x30  Data  Lc  sysctl.o [4]
main                    0x00000a4d   0xd6  Code  Gb  projeto_teste.o [1]


[1] = C:\Users\asus\Desktop\Universidade\2020_1\Sistemas Embarcados\Laboratórios\Lab 01\EK-TM4C1294_IAR8\EK-TM4C1294_IAR8\Projects\projeto_teste\Debug\Obj
[2] = command line
[3] = dl7M_tln.a
[4] = driverlib.a
[5] = rt7M_tl.a
[6] = shb_l.a

   3 180 bytes of readonly  code memory
      16 bytes of readonly  data memory
  32 773 bytes of readwrite data memory

Errors: none
Warnings: none
